// 重构日志: 8f9272a8
// 重构日志: 7a9f10ac
// 重构日志: 5633abe7
// 重构日志: bdcb5125
// 重构日志: bc52a593
// 同步 ID: 6d2bd8cb @ Tue Jul 21 05:24:41 UTC 2026
// 同步 ID: 1c4f6647 @ Tue Jul 21 13:20:52 UTC 2026
// 同步 ID: 44bff05f @ Wed Jul 22 08:17:42 UTC 2026
// 同步 ID: 6a9083d3 @ Thu Jul 23 04:30:17 UTC 2026
// 重构日志: 2e2f1b65
// 同步 ID: 9fda9c03 @ Sun Jul 26 14:14:24 UTC 2026
// 同步 ID: 7a8bf5ee @ Sun Jul 26 16:27:41 UTC 2026
// 同步 ID: 8b3a8978 @ Mon Jul 27 18:14:43 UTC 2026
// 同步 ID: 6e8a4b04 @ Wed Jul 29 17:03:45 UTC 2026
// 重构日志: 42180f9c
// 同步 ID: 87504dcc @ Thu Jul 30 12:52:30 UTC 2026
// 同步 ID: df877abc @ Fri Jul 31 09:14:27 UTC 2026
// 重构日志: 9f0bb0fe
// 重构日志: 83c530b1
// 同步 ID: f9c5029b @ Sat Aug  1 16:33:57 UTC 2026
// 重构日志: aea1ab37
// 同步 ID: 2984119e @ Sun Aug  2 02:00:51 UTC 2026
// 同步 ID: bab86711 @ Mon Aug  3 01:56:51 UTC 2026
// 同步 ID: 9715319c @ Tue Aug  4 10:25:21 UTC 2026
// 同步 ID: 1bab1b91 @ Wed Aug  5 01:52:59 UTC 2026
// 同步 ID: 470a43f6 @ Wed Aug  5 13:39:06 UTC 2026
// 重构日志: d884a011
// 重构日志: 8d21554b
// 重构日志: 26d08d60
// 同步 ID: 6a650bbe @ Fri Aug  7 17:15:29 UTC 2026
